n/frame136.jpg
n/frame135.jpg
n/frame134.jpg
n/frame133.jpg
n/frame132.jpg
n/frame131.jpg
n/frame130.jpg
n/frame129.jpg
n/frame128.jpg
n/frame127.jpg
n/frame126.jpg
n/frame125.jpg
n/frame124.jpg
n/frame123.jpg
n/frame122.jpg
n/frame121.jpg
n/frame120.jpg
n/frame119.jpg
n/frame118.jpg
n/frame117.jpg
n/frame116.jpg
n/frame115.jpg
n/frame114.jpg
n/frame113.jpg
n/frame112.jpg
n/frame111.jpg
n/frame110.jpg
n/frame109.jpg
n/frame108.jpg
n/frame107.jpg
n/frame106.jpg
n/frame105.jpg
n/frame104.jpg
n/frame103.jpg
n/frame52.jpg
n/frame51.jpg
n/frame50.jpg
n/frame49.jpg
n/frame48.jpg
n/frame47.jpg
n/frame46.jpg
n/frame45.jpg
n/frame44.jpg
n/frame43.jpg
n/frame42.jpg
n/frame41.jpg
n/frame40.jpg
n/frame39.jpg
n/frame38.jpg
n/frame37.jpg
n/frame36.jpg
n/frame35.jpg
n/frame34.jpg
n/frame33.jpg
n/frame32.jpg
n/frame31.jpg
n/frame30.jpg
n/frame29.jpg
n/frame28.jpg
n/frame27.jpg
n/frame26.jpg
n/frame25.jpg
n/frame24.jpg
n/frame23.jpg
n/frame22.jpg
n/frame21.jpg
n/frame20.jpg
n/frame19.jpg
n/frame18.jpg
n/frame17.jpg
n/frame16.jpg
n/frame15.jpg
n/frame14.jpg
n/frame13.jpg
n/frame12.jpg
n/frame11.jpg
n/frame10.jpg
n/frame9.jpg
n/frame8.jpg
n/frame7.jpg
n/frame6.jpg
n/frame5.jpg
n/frame4.jpg
n/frame3.jpg
n/frame2.jpg
n/frame1.jpg
n/frame0.jpg